// Vitest Snapshot v1, https://vitest.dev/guide/snapshot.html

exports[`rollup > basic.js 1`] = `
"// basic.js
const num = 10;

export { num };
"
`;

exports[`rollup > import-meta.js 1`] = `
"// import-meta.js
// Basic property access
const foo = "resolved-foo";
const isDev = "test";

// Method calls
const resolved = "resolved-./file";
const barResult = "method-result";

// Complex expressions
const config = {
  env: "production",
  version: "v1.0.0",
};

export { barResult, config, foo, isDev, resolved };
"
`;
